<!DOCTYPE html>
<html>
    <head></head>
    <body>
        new ArrayList&lt;Integer&gt;() {{
            add(1);
            add(2);
        }};
    </body>
</html>