<!DOCTYPE html>
<html>
	<head></head>
	<body>
		Include Two



		Bar
	</body>
</html>